
  
   NAME                               | DIGEST                                                           
  ------------------------------------|------------------------------------------------------------------
   COHERE_API_KEY                     | 6c553f8fb8131075594d0b1ae23d36f9c66472c2cfaaf8be7e52ae37088d37f0 
   MOONSHOT_API_KEY                   | 75774b769cc26c0f91ea2825d3341b7e2ce926c3f3b2d1ee674ac7d824d95909 
   MOONSHOT_MODEL                     | aae2bf7d3eb34afd9848f1b9571875fa445184054948efbda937fcdd60751d09 
   NEWSLETTER_UNSUBSCRIBE_SIGNING_KEY | 09cddbba4e7bd4ca352db3896e5c551b1fbe40d4fcfe2a25c6b183e4d24c8247 
   OPENROUTER_API_KEY                 | 8989bbd1c8f14e1b06122817bd50e1fa175cba605b7d686e38aa776ce05ca3d8 
   POSTHOG_HOST                       | f388dc8f2e5eb447c3e41ea3a84ae1ebebb63bf321d5c690fe16338060e92b48 
   POSTHOG_PERSONAL_API_KEY           | 622adc0ab32173e918a69585691251b584cf242c073acdba66b9f5e55ae7447f 
   POSTHOG_PROJECT_ID                 | 9a6c73c8c69f3402c80eddc008b00f8315856ca77b1a448e67338121e1611855 
   POSTHOG_PROJECT_KEY                | 2520dbe090401440dc96e1661d0d459eb2b3ba683445a811a3bdebfd87589bfc 
   QUARTERLY_NPS_SIGNING_KEY          | 0f87ad0d26cd62afbb4828306eaf3d71bcd66c45688943a2ce2b9d051713c8e5 
   RAG_RERANKER_PROVIDER              | 72e8088a05b38ae3cffbc126c1c2095046c7700edab31ce35867ce8ee3ac8932 
   RESEND_API_KEY                     | 4cbe47f9cd60adb77a8eee463a0f74591cc310c9a6b3711b9f4c2be2e0739030 
   RESEND_FROM                        | dab9a82348e79a00baf5b7272de5fc0f1601d739b3ed50c2da1103586e53fe12 
   SHARE_ALLOWED_ORIGINS              | ee6bce123125200727b0831acfb97412f38d5068d0182acbfa2eab5732045c44 
   SLACK_GUARDRAIL_WEBHOOK_URL        | a9a7aa77c4f659c5e4af3e332b60e0f1b6a142342c43d2a1e2ffa02ef5f17ac1 
   STRIPE_METER_ACTIVE_PATIENTS       | ee0862f012960471c688b294ec9d577da89433789fa41d5deec40cad443d7ab6 
   STRIPE_PRICE_CLINIC_BASE           | b39ebf256d0e0523af5a190e90f7b6bc3f83fa16e5504dedd707cea30d62027d 
   STRIPE_PRICE_CLINIC_OVERAGE        | 6c5dc74168ccd0bc347d9a2144ec78b603271bf2cd029a274b7e31b3ad76870c 
   STRIPE_PRICE_PLUS_MONTHLY          | 0af112a681e423f868fb36a949c18fe8b95d61de18879c4b6a6851e0b9ed7bef 
   STRIPE_PRICE_PLUS_YEARLY           | c56ff8c4dd501a896cb337f598e5d4a472395ff0ba9f323565b0239dc5aef446 
   STRIPE_SECRET_KEY                  | 2c0d421a9ca346c1a6796848eb01ca86f307e12b5a80f8e5fcb1563ca3c7c406 
   STRIPE_WEBHOOK_SECRET              | ff78ffad39385f14410c10610def1624e40226cb561e304c0ed6ca1abe289443 
   SUPABASE_ANON_KEY                  | 6b11352208eacfe9d7ddcf277b4cba3375dc4ab7d0252f4bcf01291cb6b54353 
   SUPABASE_DB_URL                    | fb345e82fb845c0e2a7a5b8e5ff0b5fd5803cbcc3ca616f6ecd35b1408a5fb8c 
   SUPABASE_JWKS                      | 3ff23fe214d14a5cb8a3f21e6af6ab6e247daaa5ca5a56e2799311826296c396 
   SUPABASE_PUBLISHABLE_KEYS          | 185ad048893fd49e0334b7f3bed1ced5da7423583e803e845678f17dab2850b2 
   SUPABASE_SECRET_KEYS               | 54496f67d270295be9b4e5fb119c48d6f7a8b5ff12706e2b70cf553d1fa58aab 
   SUPABASE_SERVICE_ROLE_KEY          | 2b10275150deac758ac6a9057b3b8331a108fff18a00815979c80e8bca237d94 
   SUPABASE_URL                       | 57a9edc218893b7a7eb6470ea2b007ded5d55f24622c10375c221a4fcbbb6954 
   VAPID_PRIVATE_KEY                  | fa99253534787b0cac0cc3edcdc2b00051dec620345bde91fcbccbc22a1b7d7a 
   VAPID_PUBLIC_KEY                   | 8b1f06acb36ed82c7e7274a72c650500ac27512f86855c6e56cd0705732740d6 
   VAPID_SUBJECT                      | 5ae952fbbb8cae061ea3156a88d32f6f56ee7d37297d46f986d83e3acc325101 


=== Expected-secrets audit (Phase 69.7 CONTEXT.md) ===
MISSING: STRIPE_COUPON_WB_3MO_50 STRIPE_COUPON_WB_6MO_30 STRIPE_COUPON_WB_LIFETIME_20 SLACK_GUARDRAIL_WEBHOOK_URL NEWSLETTER_PHYSICAL_ADDRESS BETTER_STACK_API_KEY PHYSICAL_ADDRESS

=== Expected-secrets audit (Phase 69.7 CONTEXT.md) ===
MISSING: STRIPE_COUPON_WB_3MO_50
MISSING: STRIPE_COUPON_WB_6MO_30
MISSING: STRIPE_COUPON_WB_LIFETIME_20
PRESENT: SLACK_GUARDRAIL_WEBHOOK_URL
MISSING: NEWSLETTER_PHYSICAL_ADDRESS
MISSING: BETTER_STACK_API_KEY
MISSING: PHYSICAL_ADDRESS
